
  ___  ____  ____  ____  ____ ®
 /__    /   ____/   /   ____/      StataNow 19.5
___/   /   /___/   /   /___/       MP—Parallel Edition

 Statistics and Data Science       Copyright 1985-2025 StataCorp LLC
                                   StataCorp
                                   4905 Lakeway Drive
                                   College Station, Texas 77845 USA
                                   800-782-8272        https://www.stata.com
                                   979-696-4600        service@stata.com

Stata license: 4-user 4-core network, expiring  6 May 2027
Serial number: 501909369296
  Licensed to: Eric Booth
               Texas 2036

Notes:
      1. Stata is running in batch mode.
      2. Unicode is supported; see help unicode_advice.
      3. More than 2 billion observations are allowed; see help obs_advice.
      4. Maximum number of variables is set to 5,000 but can be increased;
          see help set_maxvar.


Running /Users/ericbooth/Documents/Stata/ado/personal/profile.do ...
-------------------------------------------------------------------------------
  [1]  (BASE)      "/Applications/StataNow/ado/base/"
  [2]  (SITE)      "/_codeshare/"
  [3]              "."
  [4]  (PERSONAL)  "/Users/ericbooth/Documents/Stata/ado/personal/"
  [5]  (PLUS)      "/Users/ericbooth/Library/Application Support/Stata/ado/plus
> /"
  [6]  (OLDPLACE)  "~/ado/"
 [view] [edit] [do]  10_pums_earnings.do 
 [view] [edit] [do]  20_wages_industry.do 
 [view] [edit] [do]  30_venues.do 
 [view] [edit] [do]  40_city_money.do 
 [view] [edit] [do]  50_state_national.do 
 [view] [edit] [do]  60_cost_of_living.do 
 [view] [edit] [do]  70_quasi_experiments.do 
 [view] [edit] [do]  80_census_microdata.do 
 [view] [edit] [do]  _setup.do 
 [view] [edit] [do]  build_numbers.do 
 [view] [edit] [do]  run_all.do 

Click [here] for other links
-------------------------------------------------------------------------------

. do 10_pums_earnings.do 

. *! 10_pums_earnings.do - what ACS microdata say about what music work pays in
. *! Texas and in the Austin metro, against other creative occupations and agai
> nst
. *! the state's whole 18-64 workforce.
. *!
. *! Inputs  : 01_evidence/02_pums_nes_microdata/pums_musicians_creatives_TX_20
> 20_2024_5yr.csv
. *!           01_evidence/02_pums_nes_microdata/pums_baseline_TX_workers18to64
> _2020_2024_5yr.csv
. *!           01_evidence/02_pums_nes_microdata/pums_housing_costburden_TX_202
> 0_2024_5yr.csv
. *!           03_analysis/data/external/pums_person_repweights_TX_2020_2024_5y
> r.csv.gz
. *!           03_analysis/data/external/pums_housing_repweights_TX_2020_2024_5
> yr.csv.gz
. *!           03_analysis/data/external/puma20_to_tx_metro_crosswalk_2023cbsa.
> csv
. *!           03_analysis/out/cpi_annual.dta
. *! Outputs : 04_figures/fig02_earnings_gap.png
. *!           04_figures/fig03_selfemp_share.png
. *!           04_figures/fig04_earnings_distribution.png
. *!           04_figures/fig05_housing_burden.png
. *!           03_analysis/out/fig0[2-5]_*.csv        (the plotted numbers)
. *!           03_analysis/out/tables/table_earnings_regression.csv
. *!           03_analysis/out/numbers/numbers_pums.csv
. *!
. *! ------------------------------------------------------------------------
. *! ANALYSIS POPULATION - read this before quoting any number from this module
. *! ------------------------------------------------------------------------
. *! An earlier evidence pass circulated "median personal earnings for Texas
. *! musicians = $12,800" against an all-worker baseline of $43,700. Those two
. *! numbers came from different populations. The musician figure pooled all 88
> 5
. *! Texas records with OCCP 2752 regardless of age or employment status - 385 
> of
. *! them (43%) were unemployed or out of the labor force, and an out-of-work
. *! musician's earnings are near zero by construction. The baseline counted on
> ly
. *! employed 18-64 workers. Matching the two bases moves the musician median t
> o
. *! $21,000 nominal / $25,100 in 2025 dollars. This module never mixes bases.
. *!
. *! Two populations are used, both applied identically to musicians, to every
. *! comparison occupation, and to the all-worker baseline, and both named in t
> he
. *! registry note of every number:
. *!
. *!   EMP ("employed base")  Texas residents ages 18-64 with ESR in {1,2,4,5}
. *!                          (employed, civilian or armed forces). 555,102
. *!                          unweighted records, 13,595,139 weighted. Used for
. *!                          self-employment, hours, weeks, insurance, total
. *!                          personal income, and the earnings-threshold share
> s
. *!                          (which must keep zero earners in the denominator 
> or
. *!                          they understate hardship).
. *!   POS ("positive-earnings base")  EMP and PERNP > 0. 554,672 unweighted.
. *!                          Used for the headline earnings comparison, becaus
> e
. *!                          a median of log-able earnings is the quantity the
. *!                          regression models and the quantity a reader means
. *!                          by "what the work pays".
. *!
. *! For musicians the two bases barely differ (498 of 500 records have positiv
> e
. *! earnings), so the choice is not what moved the number - the age and
. *! employment restriction is. Both are registered so a reader can see that.
. *!
. *! Every median and every share is registered with its unweighted record coun
> t
. *! and its weighted denominator.
. 
. clear all

. do "_setup.do"                    // run from 03_analysis/stata/

. *! _setup.do - shared foundation for the Austin musician/creative-worker anal
> ysis.
. *! Every module do-file starts with:  do "_setup.do"
. *!
. *! WHAT THIS DOES
. *!   1. Finds the project root by searching upward for a sentinel file, so th
> e
. *!      whole folder can be zipped, moved to another machine, and run without
. *!      editing a single path.
. *!   2. Points Stata at the project-local ado library, so reghdfe, estout,
. *!      spmap and the rest travel with the folder. No ssc install needed on a
. *!      new machine.
. *!   3. Builds a CPI-U deflator once and stores it, so every dollar figure in
. *!      the report sits in the same base year (2025).
. *!   4. Defines the report palette and graph styling, matched to the LaTeX fi
> le.
. *!   5. Defines two helper programs: numadd (register a number the report wil
> l
. *!      quote) and figsave (export a figure at consistent size).
. *!
. *! CONVENTIONS FOR MODULE AUTHORS
. *!   - Set  global CURMODULE "<name>"  then call  numinit  before registering
> .
. *!   - Figure titles state the FINDING; subtitles qualify it. Source notes an
> d
. *!     caveats do NOT go in the image; they go in the LaTeX caption.
. *!   - All dollars real, 2025 base, via the cpi_annual lookup.
. 
. version 17

. set more off

. set varabbrev off

. 
. * ---------------------------------------------------------------- 1. ROOT --
. * Search the working directory and its parents for a file that only exists in
. * this project. Whichever candidate contains it is the project root.
. local sentinel "01_evidence/01_wages_oews_qcew/_sources.md"

. local found 0

. foreach cand in "`c(pwd)'" "`c(pwd)'/.." "`c(pwd)'/../.." "`c(pwd)'/../../.."
>  {
  2.     capture confirm file "`cand'/`sentinel'"
  3.     if (_rc == 0) & (`found' == 0) {
  4.         global PROJ "`cand'"
  5.         local found 1
  6.     }
  7. }

. if `found' == 0 {
.     display as error "_setup.do could not locate the project root."
.     display as error "Run Stata from 03_analysis/stata/ (or the project root)
>  and try again."
.     display as error "Current directory: `c(pwd)'"
.     exit 601
. }

. 
. global EVID     "${PROJ}/01_evidence"

. global ANALYSIS "${PROJ}/03_analysis"

. global DATAX    "${ANALYSIS}/data/external"

. global OUT      "${ANALYSIS}/out"

. global NUMDIR   "${OUT}/numbers"

. global TABDIR   "${OUT}/tables"

. global FIGS     "${PROJ}/04_figures"

. global STATADIR "${ANALYSIS}/stata"

. 
. * Evidence subfolders, named for the workstream each one came from.
. global EV_WAGES  "${EVID}/01_wages_oews_qcew"

. global EV_PUMS   "${EVID}/02_pums_nes_microdata"

. global EV_BEA    "${EVID}/03_creative_economy_bea"

. global EV_CITY   "${EVID}/04_city_programs_lmf"

. global EV_SURVEY "${EVID}/05_music_census_pay_surveys"

. global EV_STATE  "${EVID}/06_state_policy_benchmark"

. global EV_SVOG   "${EVID}/07_svog_federal_relief"

. global EV_VENUE  "${EVID}/08_venues_ecosystem"

. global EV_COL    "${EVID}/09_cost_of_living"

. global EV_APP    "${EVID}/10_apprenticeship_workforce"

. global EV_STREAM "${EVID}/11_streaming_royalties"

. 
. capture mkdir "${OUT}"

. capture mkdir "${NUMDIR}"

. capture mkdir "${TABDIR}"

. capture mkdir "${FIGS}"

. 
. * ------------------------------------------------------------- 2. ADO PATH -
> -
. * Prepend the project-local library. Using adopath rather than sysdir set PLU
> S
. * keeps any packages already installed on this machine visible as a fallback,
. * while guaranteeing the bundled copies win.
. adopath ++ "${STATADIR}/ado/s"
  [1]              "/Users/ericbooth/Library/CloudStorage/GoogleDrive-eric.boot
> h@texas2036.org/My Drive/EconomicOutlook_MusiciansCreatives_20260801/03_analy
> sis/stata/../../03_analysis/stata/ado/s"
  [2]  (BASE)      "/Applications/StataNow/ado/base/"
  [3]  (SITE)      "/_codeshare/"
  [4]              "."
  [5]  (PERSONAL)  "/Users/ericbooth/Documents/Stata/ado/personal/"
  [6]  (PLUS)      "/Users/ericbooth/Library/Application Support/Stata/ado/plus
> /"
  [7]  (OLDPLACE)  "~/ado/"

. adopath ++ "${STATADIR}/ado/plus"
  [1]              "/Users/ericbooth/Library/CloudStorage/GoogleDrive-eric.boot
> h@texas2036.org/My Drive/EconomicOutlook_MusiciansCreatives_20260801/03_analy
> sis/stata/../../03_analysis/stata/ado/plus"
  [2]              "/Users/ericbooth/Library/CloudStorage/GoogleDrive-eric.boot
> h@texas2036.org/My Drive/EconomicOutlook_MusiciansCreatives_20260801/03_analy
> sis/stata/../../03_analysis/stata/ado/s"
  [3]  (BASE)      "/Applications/StataNow/ado/base/"
  [4]  (SITE)      "/_codeshare/"
  [5]              "."
  [6]  (PERSONAL)  "/Users/ericbooth/Documents/Stata/ado/personal/"
  [7]  (PLUS)      "/Users/ericbooth/Library/Application Support/Stata/ado/plus
> /"
  [8]  (OLDPLACE)  "~/ado/"

. adopath ++ "${STATADIR}/ado"
  [1]              "/Users/ericbooth/Library/CloudStorage/GoogleDrive-eric.boot
> h@texas2036.org/My Drive/EconomicOutlook_MusiciansCreatives_20260801/03_analy
> sis/stata/../../03_analysis/stata/ado"
  [2]              "/Users/ericbooth/Library/CloudStorage/GoogleDrive-eric.boot
> h@texas2036.org/My Drive/EconomicOutlook_MusiciansCreatives_20260801/03_analy
> sis/stata/../../03_analysis/stata/ado/plus"
  [3]              "/Users/ericbooth/Library/CloudStorage/GoogleDrive-eric.boot
> h@texas2036.org/My Drive/EconomicOutlook_MusiciansCreatives_20260801/03_analy
> sis/stata/../../03_analysis/stata/ado/s"
  [4]  (BASE)      "/Applications/StataNow/ado/base/"
  [5]  (SITE)      "/_codeshare/"
  [6]              "."
  [7]  (PERSONAL)  "/Users/ericbooth/Documents/Stata/ado/personal/"
  [8]  (PLUS)      "/Users/ericbooth/Library/Application Support/Stata/ado/plus
> /"
  [9]  (OLDPLACE)  "~/ado/"

. 
. * --------------------------------------------------------- 3. CPI DEFLATOR -
> -
. * Base year for every real-dollar figure in the report.
. global BASEYEAR 2025

. 
. * Build the annual CPI lookup once. Rebuilt only if missing, so modules that
. * run in sequence do not each redo it.
. capture confirm file "${OUT}/cpi_annual.dta"

. if _rc != 0 {
.     preserve
.     use "${DATAX}/BLS_CPI.dta", clear
.     keep if area_name == "U.S. city average" & item_name == "All items"
.     keep if is_annualavg == 0 & seas_adj == 0 & !missing(month)
.     keep year month cpi
.     duplicates drop year month, force
. 
.     * BLS never published a CPI-U value for October 2025 because the federal
.     * funding lapse suspended collection. Fill that single month by averaging
.     * September and November and flag it. October matters here because it is
.     * the month of the Austin City Limits festival, so leaving a hole would
.     * distort the venue-receipts series specifically.
.     generate byte cpi_imputed = 0
.     sort year month
.     quietly count if year == 2025 & month == 10 & missing(cpi)
.     if r(N) > 0 {
.         quietly summarize cpi if year == 2025 & month == 9, meanonly
.         local sep = r(mean)
.         quietly summarize cpi if year == 2025 & month == 11, meanonly
.         local nov = r(mean)
.         quietly replace cpi = (`sep' + `nov') / 2 if year == 2025 & month == 
> 10
.         quietly replace cpi_imputed = 1 if year == 2025 & month == 10
.     }
.     drop if missing(cpi)
. 
.     * Keep only years with a full twelve months, so a partial year (2026 at t
> he
.     * time of writing) never masquerades as an annual average.
.     bysort year: generate byte nmon = _N
.     keep if nmon == 12
.     collapse (mean) cpi (max) cpi_imputed, by(year)
. 
.     quietly summarize cpi if year == ${BASEYEAR}, meanonly
.     local base = r(mean)
.     generate double defl = `base' / cpi
.     label variable defl "Multiply nominal dollars of `year' by this to get ${
> BASEYEAR} dollars"
.     label variable cpi_imputed "1 = annual average uses an imputed month"
.     sort year
.     save "${OUT}/cpi_annual.dta", replace
.     restore
. }

. 
. * Convenience: put the base-year CPI in a global for ad hoc use.
. preserve

. use "${OUT}/cpi_annual.dta", clear

. quietly summarize cpi if year == ${BASEYEAR}, meanonly

. global CPIBASE = r(mean)

. restore

. 
. * ------------------------------------------------------------- 4. PALETTE --
. * RGB triples matching 05_report/style/austinmusic.sty, so figures and docume
> nt
. * agree without anyone re-typing hex codes.
. global NAVY    "27 45 85"

. global ORANGE  "212 69 0"

. global BLUE    "43 108 176"

. global MUTED   "108 122 141"

. global LIGHTBG "245 247 250"

. global BORDER  "222 226 230"

. global GREEN   "46 125 87"

. global GOLD    "200 137 27"

. global RED     "192 57 43"

. global TEXTC   "26 26 46"

. 
. * Orange marks the musician or Austin series throughout; navy and muted mark
. * comparison series. Keeping that constant across figures means a reader lear
> ns
. * the convention once.
. global SERIES1 "${NAVY}"

. global SERIES2 "${ORANGE}"

. global SERIES3 "${BLUE}"

. global SERIES4 "${GREEN}"

. global SERIES5 "${GOLD}"

. global SERIES6 "${MUTED}"

. 
. * Standard title and subtitle options. Modules pass these straight through:
. *   twoway ... , title("Finding", $TITLEOPT) subtitle("Qualifier", $SUBOPT)
. global TITLEOPT `"size(4.1) color("${NAVY}") justification(left) position(11)
>  span margin(b=1)"'

. global SUBOPT   `"size(3.0) color("${MUTED}") justification(left) position(11
> ) span margin(b=3)"'

. global XTOPT    `"size(3.0)"'

. global YTOPT    `"size(3.0)"'

. global LEGOPT   `"size(3.0) region(lstyle(none)) symxsize(6)"'

. 
. capture grstyle init

. capture grstyle set plain, horizontal

. capture grstyle set color "${TEXTC}": p1lineplot

. capture grstyle set legend 6, nobox

. 
. * ------------------------------------------------------------ 5. PROGRAMS --
. capture program drop numinit

. program define numinit
  1.     * Start (or restart) this module's number ledger. Called once per modu
> le so
.     * re-running a module replaces its own rows rather than appending duplica
> tes.
.     if "$CURMODULE" == "" {
  2.         display as error "numinit: set  global CURMODULE  first"
  3.         exit 198
  4.     }
  5.     quietly {
  6.         local f "${NUMDIR}/numbers_${CURMODULE}.csv"
  7.         capture erase "`f'"
  8.         file open nh using "`f'", write text replace
  9.         file write nh "key,value,formatted,unit,source,note,module" _n
 10.         file close nh
 11.     }
 12.     display as text "  ledger started: numbers_${CURMODULE}.csv"
 13. end

. 
. capture program drop numadd

. program define numadd
  1.     * Register one number the written report will quote.
.     *
.     *   numadd, key(pums_median_earnings_tx) value(22800) ///
>     *           formatted("\$22,800") unit("2025 dollars") ///
>     *           source("01_evidence/02_pums.../pums_...csv") ///
>     *           note("ACS PUMS 2020-2024 5-yr, OCCP 2752, PWGTP-weighted medi
> an")
.     *
.     * key becomes a LaTeX macro, so use letters, digits and underscores only.
.     * note must let a reader reproduce the number: population, filter, weight
> ,
.     * vintage, and any caveat.
.     syntax , KEY(string) VALUE(string) [FORMATTED(string) UNIT(string) ///
>              SOURCE(string) NOTE(string)]
  2.     if "$CURMODULE" == "" {
  3.         display as error "numadd: set  global CURMODULE  and call numinit 
> first"
  4.         exit 198
  5.     }
  6.     if "`formatted'" == "" {
  7.         local formatted "`value'"
  8.     }
  9.     * Replace any embedded double quote with an apostrophe. These fields a
> re
.     * descriptive text, never data, so substituting is safer than escaping an
> d
.     * keeps the ledger readable by any CSV parser.
.     foreach v in formatted unit source note {
 10.         local `v' : subinstr local `v' `"""' "'", all
 11.     }
 12.     quietly {
 13.         file open nh using "${NUMDIR}/numbers_${CURMODULE}.csv", write tex
> t append
 14.         file write nh `""`key'","`value'","`formatted'","`unit'","`source'
> ","`note'","${CURMODULE}""' _n
 15.         file close nh
 16.     }
 17. end

. 
. capture program drop figsave

. program define figsave
  1.     * Export the current graph to 04_figures at a consistent size.
.     * Width 2000px at the report's 6.5 inch text width is about 300 dpi.
.     syntax , NAME(string) [WIDTH(integer 2000)]
  2.     quietly graph export "${FIGS}/`name'.png", replace width(`width')
  3.     display as text "  figure -> 04_figures/`name'.png"
  4. end

. 
. capture program drop requirefile

. program define requirefile
  1.     * Fail early and legibly when an expected input is absent, rather than
.     * producing a confusing error deeper in a module.
.     *
.     * This project's paths contain spaces ("My Drive", the Google Drive mount
.     * point), so the argument is taken from `0' as a whole rather than parsed
.     * into tokens, stripped of any quotes the caller supplied, and then
.     * compound-quoted for `confirm'. Passing an unquoted path with spaces to
.     * `confirm file' is what makes this fail with a misleading r(601).
.     local fn `0'
  2.     local fn : subinstr local fn `"""' "", all
  3.     local fn = trim("`fn'")
  4.     capture confirm file `"`fn'"'
  5.     if _rc != 0 {
  6.         display as error "Required input not found: `fn'"
  7.         exit 601
  8.     }
  9. end

. 
. display as text "_setup.do ready. Root: ${PROJ}"
_setup.do ready. Root: /Users/ericbooth/Library/CloudStorage/GoogleDrive-eric.b
> ooth@texas2036.org/My Drive/EconomicOutlook_MusiciansCreatives_20260801/03_an
> alysis/stata/../..

. display as text "  base year ${BASEYEAR}, CPI ${CPIBASE}"
  base year 2025, CPI 322.1528333333334

. 
end of do-file

. global CURMODULE "pums"

. numinit
  ledger started: numbers_pums.csv

. 
. local SRCP "01_evidence/02_pums_nes_microdata/pums_baseline_TX_workers18to64_
> 2020_2024_5yr.csv + pums_person_repweights_TX_2020_2024_5yr.csv.gz"

. local SRCH "01_evidence/02_pums_nes_microdata/pums_housing_costburden_TX_2020
> _2024_5yr.csv + pums_housing_repweights_TX_2020_2024_5yr.csv.gz"

. 
. requirefile "${EV_PUMS}/pums_baseline_TX_workers18to64_2020_2024_5yr.csv"

. requirefile "${EV_PUMS}/pums_musicians_creatives_TX_2020_2024_5yr.csv"

. requirefile "${EV_PUMS}/pums_housing_costburden_TX_2020_2024_5yr.csv"

. requirefile "${DATAX}/pums_person_repweights_TX_2020_2024_5yr.csv.gz"

. requirefile "${DATAX}/pums_housing_repweights_TX_2020_2024_5yr.csv.gz"

. requirefile "${DATAX}/puma20_to_tx_metro_crosswalk_2023cbsa.csv"

. requirefile "${OUT}/cpi_annual.dta"

. 
. 
. * ============================================================== 0. HELPERS =
> =
. 
. capture program drop sdrmed

. program define sdrmed, rclass
  1.     * Weighted median (or any percentile) with a successive-difference
.     * replication standard error.
.     *
.     * Stata has no svy-aware quantile estimator, so the replicate loop is don
> e
.     * by hand exactly as the Census Bureau's PUMS documentation specifies:
.     * recompute the statistic under each of the 80 replicate weights and take
.     *     Var = (4/80) * sum_r (theta_r - theta_full)^2 .
.     * Centring on the full-sample estimate rather than on the mean of the
.     * replicates is the "mse" convention, matching the mse option on svyset s
> o
.     * medians and means in this module carry comparable uncertainty.
.     *
.     * About 800 of the 44.5 million replicate-weight cells in the person file
.     * are slightly negative (Census allows this; it is an artefact of the
.     * successive-difference construction). A weighted median is undefined whe
> n
.     * weights can be negative, so the weight is floored at zero inside the
.     * percentile call only. Means, shares and regressions below use the raw
.     * replicate weights through svy, which handles negatives correctly.
.     syntax varname(numeric), Sample(varname numeric) [WSTUB(name) P(real 50)]
  2.     if "`wstub'" == "" local wstub PWGTP
  3.     local x `varlist'
  4. 
.     quietly count if `sample' == 1 & !missing(`x')
  5.     return scalar n = r(N)
  6.     if r(N) == 0 {
  7.         return scalar b = .
  8.         return scalar se = .
  9.         return scalar moe = .
 10.         return scalar wtd = .
 11.         exit
 12.     }
 13.     quietly total `wstub' if `sample' == 1 & !missing(`x')
 14.     tempname W
 15.     matrix `W' = e(b)
 16.     return scalar wtd = `W'[1,1]
 17. 
.     quietly _pctile `x' [pw=`wstub'] if `sample' == 1, p(`p')
 18.     local th = r(r1)
 19.     local ss = 0
 20.     local nbad = 0
 21.     forvalues r = 1/80 {
 22.         capture quietly _pctile `x' [pw=max(`wstub'`r',0)] if `sample' == 
> 1, p(`p')
 23.         if _rc == 0 {
 24.             local ss = `ss' + (r(r1) - `th')^2
 25.         }
 26.         else {
 27.             local nbad = `nbad' + 1
 28.         }
 29.     }
 30.     return scalar b   = `th'
 31.     return scalar se  = sqrt((4/80)*`ss')
 32.     return scalar moe = 1.645*sqrt((4/80)*`ss')
 33.     return scalar nbad = `nbad'
 34. end

. 
. capture program drop pullest

. program define pullest, rclass
  1.     * Lift one estimate and its SDR standard error out of the last svy res
> ult.
.     syntax , VARiable(string)
  2.     tempname b V
  3.     matrix `b' = e(b)
  4.     matrix `V' = e(V)
  5.     local i = colnumb(`b', "`variable'")
  6.     return scalar b   = `b'[1,`i']
  7.     return scalar se  = sqrt(`V'[`i',`i'])
  8.     return scalar moe = 1.645*sqrt(`V'[`i',`i'])
  9. end

. 
. capture program drop numusd

. program define numusd
  1.     * Register a 2025-dollar figure, and its 90 percent margin of error wh
> en one
.     * is supplied. char(36) is a dollar sign; writing it literally would let
.     * Stata try to expand it as a global macro.
.     syntax , KEY(string) VALUE(real) [MOE(real -1) SOURCE(string) NOTE(string
> )]
  2.     local shown = round(`value', 100)
  3.     local f = char(36) + strtrim(string(`shown', "%15.0fc"))
  4.     numadd, key(`key') value(`=string(`value',"%18.0g")') formatted("`f'")
>  ///
>             unit("2025 dollars") source("`source'") note("`note'")
  5.     if `moe' >= 0 {
  6.         local mf = "+/- " + char(36) + strtrim(string(round(`moe',100), "%
> 15.0fc"))
  7.         numadd, key(`key'_moe) value(`=string(`moe',"%18.0g")') formatted(
> "`mf'") ///
>                 unit("2025 dollars, 90 percent margin of error") source("`sou
> rce'") ///
>                 note("90 percent MOE = 1.645 x SDR standard error from the 80
>  PUMS replicate weights. `note'")
  8.     }
  9. end

. 
. capture program drop numpct

. program define numpct
  1.     * Register a share. Value arrives as a proportion and is stored as a p
> ercent.
.     syntax , KEY(string) VALUE(real) [MOE(real -1) SOURCE(string) NOTE(string
> )]
  2.     local p = 100*`value'
  3.     numadd, key(`key') value(`=string(`p',"%18.0g")') ///
>             formatted("`=strtrim(string(`p',"%9.1f"))'%") unit("percent") ///
>             source("`source'") note("`note'")
  4.     if `moe' >= 0 {
  5.         local m = 100*`moe'
  6.         numadd, key(`key'_moe) value(`=string(`m',"%18.0g")') ///
>                 formatted("+/- `=strtrim(string(`m',"%9.1f"))' points") ///
>                 unit("percentage points, 90 percent margin of error") source(
> "`source'") ///
>                 note("90 percent MOE = 1.645 x SDR standard error from the 80
>  PUMS replicate weights. `note'")
  7.     }
  8. end

. 
. capture program drop numcnt

. program define numcnt
  1.     syntax , KEY(string) VALUE(real) [UNIT(string) SOURCE(string) NOTE(str
> ing)]
  2.     if "`unit'" == "" local unit "count"
  3.     numadd, key(`key') value(`=string(`value',"%18.0g")') ///
>             formatted("`=strtrim(string(round(`value'),"%15.0fc"))'") unit("`
> unit'") ///
>             source("`source'") note("`note'")
  4. end

. 
. 
. * ========================================================== 1. DEFLATOR ==
. * ADJINC and ADJHSG put all five survey years on a common 2024 basis. The CPI
> -U
. * factor for 2024 then carries 2024 dollars to the report's 2025 base. Applyi
> ng
. * a survey-year deflator instead would double-count the within-window inflati
> on
. * that ADJINC has already removed, which is why there is no merge on year her
> e.
. preserve

.     use "${OUT}/cpi_annual.dta", clear

.     quietly summarize defl if year == 2024, meanonly

.     global DEFL2024 = r(mean)

.     quietly summarize defl if year == 2013, meanonly

.     global DEFL2013 = r(mean)

.     quietly summarize cpi_imputed if year == ${BASEYEAR}, meanonly

.     global BASEIMPUTED = r(mean)

. restore

. display as text "  2024 -> 2025 factor: ${DEFL2024}"
  2024 -> 2025 factor: 1.026982152695904

. display as text "  2013 -> 2025 factor: ${DEFL2013}"
  2013 -> 2025 factor: 1.382884901904321

. 
. * The 2013 Austin Music Census asked musicians whether they earned under
. * $10,000 a year. That threshold is worth this much in 2025 dollars, and it i
> s
. * the only fair way to compare the two surveys.
. local mc2025 = 10000 * ${DEFL2013}

. numusd, key(pums_musiccensus_tenk_2025usd) value(`mc2025') ///
>     source("03_analysis/out/cpi_annual.dta") ///
>     note("The 2013 Austin Music Census used a 10,000 dollar annual-earnings t
> hreshold. Converted with the CPI-U all-items annual average, factor `=string(
> ${DEFL2013},"%6.4f")'. The 2025 annual average uses an imputed October 2025 v
> alue because the federal funding lapse suspended CPI collection that month.")

. numadd, key(pums_defl_2013_to_2025) value(`=string(${DEFL2013},"%18.0g")') //
> /
>     formatted("`=strtrim(string(${DEFL2013},"%6.4f"))'") unit("multiplier") /
> //
>     source("03_analysis/out/cpi_annual.dta") ///
>     note("CPI-U all items, U.S. city average, annual average 2025 divided by 
> annual average 2013.")

. numadd, key(pums_defl_2024_to_2025) value(`=string(${DEFL2024},"%18.0g")') //
> /
>     formatted("`=strtrim(string(${DEFL2024},"%6.4f"))'") unit("multiplier") /
> //
>     source("03_analysis/out/cpi_annual.dta") ///
>     note("Applied after ADJINC or ADJHSG, which already restate all five PUMS
>  years in 2024 dollars.")

. 
. 
. * ==================================================== 2. BUILD THE PERSONS =
> =
. * Stata cannot read a gzipped CSV. The decompressed person replicate-weight f
> ile
. * is about 430 MB, which has no business sitting in a Drive-synced project
. * folder, so it is expanded into Stata's own temporary directory. c(tmpdir)
. * resolves on any machine, so this still runs after the project is zipped and
. * moved. gunzip is present on macOS and Linux; on Windows, decompress the two
. * .gz files by hand first and point the two locals below at the results.
. local tmpp "`c(tmpdir)'pums_person_repweights_tx.csv"

. local tmph "`c(tmpdir)'pums_housing_repweights_tx.csv"

. shell gunzip -c "${DATAX}/pums_person_repweights_TX_2020_2024_5yr.csv.gz" > "
> `tmpp'"


. shell gunzip -c "${DATAX}/pums_housing_repweights_TX_2020_2024_5yr.csv.gz" > 
> "`tmph'"


. requirefile "`tmpp'"

. requirefile "`tmph'"

. 
. * PUMA-to-metro crosswalk. assigned==0 marks PUMAs that straddle a metro
. * boundary without enough of their tracts inside it to be called part of that
. * metro; those fall into "Other Texas" with everything else outside the four.
. import delimited "${DATAX}/puma20_to_tx_metro_crosswalk_2023cbsa.csv", ///
>     varnames(1) case(preserve) clear
(encoding automatically selected: ISO-8859-1)
(9 vars, 152 obs)

. keep if assigned == 1
(5 observations deleted)

. keep puma20_5ce metro_short

. rename puma20_5ce PUMA

. isid PUMA

. tempfile cw

. save `cw'
file /var/folders/5n/6s4drlks0734vkn04zv4l0tr0000gp/T//St28768.000002 saved
    as .dta format

. 
. import delimited "`tmpp'", varnames(1) case(preserve) clear
(encoding automatically selected: UTF-8)
(83 vars, 556,895 obs)

. rename PWGTP PWGTP_check

. tempfile prep

. save `prep'
file /var/folders/5n/6s4drlks0734vkn04zv4l0tr0000gp/T//St28768.000003 saved
    as .dta format

. 
. import delimited "${EV_PUMS}/pums_baseline_TX_workers18to64_2020_2024_5yr.csv
> ", ///
>     varnames(1) case(preserve) clear
(encoding automatically selected: UTF-8)
(24 vars, 555,102 obs)

. isid SERIALNO SPORDER

. local n_base = _N

. 
. merge 1:1 SERIALNO SPORDER using `prep', keep(master match) nogenerate

    Result                      Number of obs
    -----------------------------------------
    Not matched                             0
    Matched                           555,102  
    -----------------------------------------

. quietly count if PWGTP != PWGTP_check

. if r(N) > 0 {
.     display as error "Replicate-weight file disagrees with the extract on PWG
> TP for `r(N)' records."
.     exit 459
. }

. drop PWGTP_check

. 
. merge m:1 PUMA using `cw', keep(master match) nogenerate

    Result                      Number of obs
    -----------------------------------------
    Not matched                       192,098
        from master                   192,098  
        from using                          0  

    Matched                           363,004  
    -----------------------------------------

. replace metro_short = "Other Texas" if missing(metro_short)
(192,098 real changes made)

. encode metro_short, generate(metro)

. 
. * Real dollars. ADJINC carries six implied decimals.
. foreach v in PERNP PINCP WAGP SEMP {
  2.     generate double `v'_2025usd = `v' * (ADJINC/1000000) * ${DEFL2024}
  3. }

. label variable PERNP_2025usd "Personal earnings from work, 2025 dollars"

. label variable PINCP_2025usd "Total personal income, 2025 dollars"

. 
. * Occupation groups. 2905 is not "sound engineers": PUMS collapses audio and
. * video technicians, broadcast technicians, sound engineering technicians and
. * lighting technicians into one code, and even SOCP cannot separate them.
. generate byte g_mus      = (OCCP == 2752)

. generate byte g_musdir   = (OCCP == 2751)

. generate byte g_music    = inlist(OCCP, 2751, 2752)

. generate byte g_creative = inlist(OCCP, 2634, 2700, 2710, 2740, 2751) | ///
>                            inlist(OCCP, 2752, 2850, 2905, 2910)

. generate byte g_allwork  = 1

. 
. generate byte geo_tx     = 1

. generate byte geo_austin = (metro_short == "Austin")

. 
. * The two analysis bases described in the header.
. generate byte base_emp = 1

. generate byte base_pos = (PERNP > 0) & !missing(PERNP)

. 
. generate byte selfemp = inlist(COW, 6, 7)

. label variable selfemp "Self-employed, incorporated or not (COW 6 or 7)"

. generate byte hicov_any  = (HICOV == 1)

. generate byte hicov_priv = (PRIVCOV == 1)

. generate byte hicov_pub  = (PUBCOV == 1)

. generate byte earn_lt10k = (PERNP_2025usd <  10000)

. generate byte earn_lt25k = (PERNP_2025usd <  25000)

. generate byte earn_lt50k = (PERNP_2025usd <  50000)

. generate byte earn_ltmc  = (PERNP_2025usd < `mc2025')

. generate byte earn_nonpos = (PERNP_2025usd <= 0)

. label variable earn_ltmc "Earnings below the 2013 Music Census 10,000 dollar 
> line, in 2025 dollars"

. 
. * Regression covariates.
. generate double agesq = AGEP^2

. generate byte female = (SEX == 2)

. generate byte schlbin = 1

. replace schlbin = 2 if inlist(SCHL, 16, 17)
(127,179 real changes made)

. replace schlbin = 3 if inrange(SCHL, 18, 20)
(162,880 real changes made)

. replace schlbin = 4 if SCHL == 21
(136,054 real changes made)

. replace schlbin = 5 if inrange(SCHL, 22, 24)
(78,254 real changes made)

. label define schlbin 1 "Less than high school" 2 "High school or GED" ///
>                      3 "Some college or associate" 4 "Bachelor's" ///
>                      5 "Graduate or professional"

. label values schlbin schlbin

. generate double ln_pernp = ln(PERNP_2025usd) if PERNP_2025usd > 0
(430 missing values generated)

. 
. svyset [pw=PWGTP], sdrweight(PWGTP1-PWGTP80) vce(sdr) mse

Sampling weights: PWGTP
             VCE: sdr
             MSE: on
     SDR weights: PWGTP1 .. PWGTP80
      Subpop. df: off
     Single unit: missing
        Strata 1: <one>
 Sampling unit 1: <observations>
           FPC 1: <zero>

. 
. tempfile persons

. save `persons'
file /var/folders/5n/6s4drlks0734vkn04zv4l0tr0000gp/T//St28768.000004 saved
    as .dta format

. 
. * Provenance the report should be able to state.
. numcnt, key(pums_base_records) value(`n_base') unit("unweighted person record
> s") ///
>     source("`SRCP'") ///
>     note("ACS 2020-2024 5-year PUMS, Texas. Employed base: ages 18-64, ESR in
>  1/2/4/5.")

. quietly total PWGTP

. matrix TT = e(b)

. numcnt, key(pums_base_weighted) value(`=TT[1,1]') unit("people") ///
>     source("`SRCP'") ///
>     note("PWGTP-weighted count of the employed base, ACS 2020-2024 5-year PUM
> S, Texas.")

. quietly count if base_pos == 1

. numcnt, key(pums_pos_records) value(`=r(N)') unit("unweighted person records"
> ) ///
>     source("`SRCP'") ///
>     note("Positive-earnings base: employed base with PERNP > 0. PERNP can be 
> zero or negative because it nets self-employment losses.")

. quietly count if PERNP <= 0

. numcnt, key(pums_nonpos_earn_records) value(`=r(N)') unit("unweighted person 
> records") ///
>     source("`SRCP'") ///
>     note("Employed Texans 18-64 reporting zero or negative earnings from work
> ; PERNP nets business losses, so it can go below zero.")

. 
. 
. * ========================= 3. GROUP BY GEOGRAPHY ESTIMATES (registry only) =
> =
. 
. capture program drop pumscell

. program define pumscell
  1.     * Every headline statistic for one occupation group in one geography, 
> on
.     * both analysis bases, written straight into the module ledger.
.     syntax , GEO(string) GRP(string) GEOLAB(string) GRPLAB(string) SRC(string
> )
  2. 
.     tempvar s_emp s_pos
  3.     quietly generate byte `s_emp' = (geo_`geo' == 1) & (g_`grp' == 1) & (b
> ase_emp == 1)
  4.     quietly generate byte `s_pos' = (geo_`geo' == 1) & (g_`grp' == 1) & (b
> ase_pos == 1)
  5. 
.     quietly count if `s_emp' == 1
  6.     local n_emp = r(N)
  7.     quietly count if `s_pos' == 1
  8.     local n_pos = r(N)
  9. 
.     * Suppression rule from CONVENTIONS section 6: nothing rests on fewer tha
> n
.     * 50 unweighted records.
.     if `n_emp' < 50 {
 10.         numadd, key(pums_`geo'_`grp'_suppressed) value(`n_emp') ///
>             formatted("suppressed") unit("unweighted records") source("`src'"
> ) ///
>             note("`grplab', `geolab': only `n_emp' unweighted ACS records, be
> low the 50-record floor this project uses, so no estimate is published for th
> is cell.")
 11.         display as text "  [suppressed] `geo' x `grp' : n = `n_emp'"
 12.         exit
 13.     }
 14. 
.     local base_emp_note "Base EMP = `grplab', `geolab', ages 18-64, employed 
> (ESR 1/2/4/5), ACS 2020-2024 5-year PUMS, PWGTP-weighted; `n_emp' unweighted 
> records."
 15.     local base_pos_note "Base POS = `grplab', `geolab', ages 18-64, employ
> ed (ESR 1/2/4/5) with positive earnings, ACS 2020-2024 5-year PUMS, PWGTP-wei
> ghted; `n_pos' unweighted records."
 16.     local adj "Dollars adjusted with ADJINC to 2024 then by the CPI-U 2024
>  factor to 2025 dollars."
 17. 
.     numcnt, key(pums_`geo'_`grp'_n_emp) value(`n_emp') unit("unweighted perso
> n records") ///
>         source("`src'") note("`base_emp_note'")
 18.     numcnt, key(pums_`geo'_`grp'_n_pos) value(`n_pos') unit("unweighted pe
> rson records") ///
>         source("`src'") note("`base_pos_note'")
 19. 
.     * ---- means and shares on the employed base ----------------------------
> -
.     quietly svy, subpop(`s_emp'): mean PINCP_2025usd PERNP_2025usd selfemp //
> /
>         hicov_any hicov_priv hicov_pub earn_lt10k earn_lt25k earn_lt50k ///
>         earn_ltmc earn_nonpos
 20.     numcnt, key(pums_`geo'_`grp'_wtd_emp) value(`=e(N_subpop)') unit("peop
> le") ///
>         source("`src'") note("Weighted denominator for every EMP-base figure 
> in this cell. `base_emp_note'")
 21. 
.     pullest, variable(PINCP_2025usd)
 22.     numusd, key(pums_`geo'_`grp'_meanpincp_emp) value(`=r(b)') moe(`=r(moe
> )') ///
>         source("`src'") note("Mean total personal income. `base_emp_note' `ad
> j'")
 23.     pullest, variable(PERNP_2025usd)
 24.     numusd, key(pums_`geo'_`grp'_meanpernp_emp) value(`=r(b)') moe(`=r(moe
> )') ///
>         source("`src'") note("Mean personal earnings from work, zero and nega
> tive earners included. `base_emp_note' `adj'")
 25.     pullest, variable(selfemp)
 26.     numpct, key(pums_`geo'_`grp'_selfemp) value(`=r(b)') moe(`=r(moe)') //
> /
>         source("`src'") note("Share self-employed, COW 6 (unincorporated) or 
> 7 (incorporated). `base_emp_note'")
 27.     pullest, variable(hicov_any)
 28.     numpct, key(pums_`geo'_`grp'_hicov) value(`=r(b)') moe(`=r(moe)') ///
>         source("`src'") note("Share with any health insurance (HICOV = 1). `b
> ase_emp_note'")
 29.     pullest, variable(hicov_priv)
 30.     numpct, key(pums_`geo'_`grp'_privcov) value(`=r(b)') moe(`=r(moe)') //
> /
>         source("`src'") note("Share with private coverage (PRIVCOV = 1). Priv
> ate and public overlap, so the two shares do not sum to the any-coverage shar
> e. `base_emp_note'")
 31.     pullest, variable(hicov_pub)
 32.     numpct, key(pums_`geo'_`grp'_pubcov) value(`=r(b)') moe(`=r(moe)') ///
>         source("`src'") note("Share with public coverage (PUBCOV = 1). Privat
> e and public overlap. `base_emp_note'")
 33.     pullest, variable(earn_lt10k)
 34.     numpct, key(pums_`geo'_`grp'_lt10k) value(`=r(b)') moe(`=r(moe)') ///
>         source("`src'") note("Share earning under 10,000 dollars from work in
>  2025 dollars. `base_emp_note' `adj'")
 35.     pullest, variable(earn_lt25k)
 36.     numpct, key(pums_`geo'_`grp'_lt25k) value(`=r(b)') moe(`=r(moe)') ///
>         source("`src'") note("Share earning under 25,000 dollars from work in
>  2025 dollars. `base_emp_note' `adj'")
 37.     pullest, variable(earn_lt50k)
 38.     numpct, key(pums_`geo'_`grp'_lt50k) value(`=r(b)') moe(`=r(moe)') ///
>         source("`src'") note("Share earning under 50,000 dollars from work in
>  2025 dollars. `base_emp_note' `adj'")
 39.     pullest, variable(earn_ltmc)
 40.     numpct, key(pums_`geo'_`grp'_ltmusiccensus) value(`=r(b)') moe(`=r(moe
> )') ///
>         source("`src'") note("Share earning less than the 2013 Austin Music C
> ensus 10,000 dollar line restated in 2025 dollars. `base_emp_note' `adj'")
 41.     pullest, variable(earn_nonpos)
 42.     numpct, key(pums_`geo'_`grp'_nonposearn) value(`=r(b)') moe(`=r(moe)')
>  ///
>         source("`src'") note("Share of employed people reporting zero or nega
> tive earnings from work. `base_emp_note'")
 43. 
.     * ---- means on the positive-earnings base ------------------------------
> -
.     quietly svy, subpop(`s_pos'): mean PERNP_2025usd PINCP_2025usd
 44.     numcnt, key(pums_`geo'_`grp'_wtd_pos) value(`=e(N_subpop)') unit("peop
> le") ///
>         source("`src'") note("Weighted denominator for every POS-base figure 
> in this cell. `base_pos_note'")
 45.     pullest, variable(PERNP_2025usd)
 46.     numusd, key(pums_`geo'_`grp'_meanpernp_pos) value(`=r(b)') moe(`=r(moe
> )') ///
>         source("`src'") note("Mean personal earnings from work. `base_pos_not
> e' `adj'")
 47.     pullest, variable(PINCP_2025usd)
 48.     numusd, key(pums_`geo'_`grp'_meanpincp_pos) value(`=r(b)') moe(`=r(moe
> )') ///
>         source("`src'") note("Mean total personal income. `base_pos_note' `ad
> j'")
 49. 
.     * ---- medians ----------------------------------------------------------
> -
.     sdrmed PINCP_2025usd, sample(`s_emp')
 50.     numusd, key(pums_`geo'_`grp'_medpincp_emp) value(`=r(b)') moe(`=r(moe)
> ') ///
>         source("`src'") note("Median total personal income. `base_emp_note' `
> adj'")
 51.     sdrmed PERNP_2025usd, sample(`s_emp')
 52.     numusd, key(pums_`geo'_`grp'_medpernp_emp) value(`=r(b)') moe(`=r(moe)
> ') ///
>         source("`src'") note("Median personal earnings from work, zero and ne
> gative earners included. `base_emp_note' `adj'")
 53.     sdrmed PERNP_2025usd, sample(`s_pos')
 54.     numusd, key(pums_`geo'_`grp'_medpernp_pos) value(`=r(b)') moe(`=r(moe)
> ') ///
>         source("`src'") note("HEADLINE earnings figure. Median personal earni
> ngs from work. `base_pos_note' `adj'")
 55.     sdrmed PINCP_2025usd, sample(`s_pos')
 56.     numusd, key(pums_`geo'_`grp'_medpincp_pos) value(`=r(b)') moe(`=r(moe)
> ') ///
>         source("`src'") note("Median total personal income on the same base a
> s the headline earnings figure, so the earnings-to-income gap is not a base a
> rtefact. `base_pos_note' `adj'")
 57.     sdrmed WKHP, sample(`s_emp')
 58.     numadd, key(pums_`geo'_`grp'_medwkhp) value(`=string(r(b),"%18.0g")') 
> ///
>         formatted("`=strtrim(string(r(b),"%9.0f"))'") unit("usual hours per w
> eek") ///
>         source("`src'") note("Median usual hours worked per week (WKHP). `bas
> e_emp_note'")
 59.     sdrmed WKWN, sample(`s_emp')
 60.     numadd, key(pums_`geo'_`grp'_medwkwn) value(`=string(r(b),"%18.0g")') 
> ///
>         formatted("`=strtrim(string(r(b),"%9.0f"))'") unit("weeks worked in p
> ast 12 months") ///
>         source("`src'") note("Median weeks worked in the past 12 months (WKWN
> ). `base_emp_note'")
 61. 
.     display as text "  [done] `geo' x `grp' : n_emp = `n_emp', n_pos = `n_pos
> '"
 62. end

. 
. use `persons', clear

. foreach geo in tx austin {
  2.     if "`geo'" == "tx"     local geolab "Texas"
  3.     if "`geo'" == "austin" local geolab "Austin-Round Rock-San Marcos metr
> o"
  4.     foreach grp in mus musdir music creative allwork {
  5.         if "`grp'" == "mus"      local grplab "Musicians and singers (OCCP
>  2752)"
  6.         if "`grp'" == "musdir"   local grplab "Music directors and compose
> rs (OCCP 2751)"
  7.         if "`grp'" == "music"    local grplab "Musicians, singers, music d
> irectors and composers (OCCP 2751 and 2752)"
  8.         if "`grp'" == "creative" local grplab "Nine creative occupations p
> ooled (OCCP 2634, 2700, 2710, 2740, 2751, 2752, 2850, 2905, 2910)"
  9.         if "`grp'" == "allwork"  local grplab "All workers"
 10.         pumscell, geo(`geo') grp(`grp') geolab("`geolab'") grplab("`grplab
> '") src("`SRCP'")
 11.     }
 12. }
  [done] tx x mus : n_emp = 500, n_pos = 498
  [done] tx x musdir : n_emp = 122, n_pos = 122
  [done] tx x music : n_emp = 622, n_pos = 620
  [done] tx x creative : n_emp = 3901, n_pos = 3883
  [done] tx x allwork : n_emp = 555102, n_pos = 554672
  [done] austin x mus : n_emp = 77, n_pos = 77
  [suppressed] austin x musdir : n = 14
  [done] austin x music : n_emp = 91, n_pos = 91
  [done] austin x creative : n_emp = 667, n_pos = 663
  [done] austin x allwork : n_emp = 48643, n_pos = 48606

. 
. * Austin's share of the state's musicians, the claim the report leans on when
>  it
. * says Austin is over-represented. Both the ratio and its two parts are
. * registered so the arithmetic is checkable.
. quietly total PWGTP if g_mus == 1

. matrix A = e(b)

. quietly total PWGTP if g_mus == 1 & geo_austin == 1

. matrix B = e(b)

. numpct, key(pums_austin_share_of_tx_musicians) value(`=B[1,1]/A[1,1]') ///
>     source("`SRCP'") ///
>     note("Austin metro share of Texas musicians and singers (OCCP 2752), empl
> oyed base, PWGTP-weighted. Ratio of two same-vintage weighted counts, so no d
> eflation applies.")

. quietly total PWGTP

. matrix A = e(b)

. quietly total PWGTP if geo_austin == 1

. matrix B = e(b)

. numpct, key(pums_austin_share_of_tx_workers) value(`=B[1,1]/A[1,1]') ///
>     source("`SRCP'") ///
>     note("Austin metro share of all employed Texans 18-64, PWGTP-weighted. Ra
> tio of two same-vintage weighted counts, so no deflation applies.")

. 
. * How much of the old $12,800 figure was the base and how much was inflation.
. * Registering the reconciliation means the correction is documented, not buri
> ed.
. quietly _pctile PERNP [pw=PWGTP] if g_mus == 1 & base_emp == 1, p(50)

. numadd, key(pums_tx_mus_medpernp_nominal) value(`=string(r(r1),"%18.0g")') //
> /
>     formatted("`=char(36)'`=strtrim(string(round(r(r1),100),"%15.0fc"))'") //
> /
>     unit("nominal dollars of the survey year") source("`SRCP'") ///
>     note("Median personal earnings for musicians and singers on the matched e
> mployed base, WITHOUT ADJINC or the CPI factor. Reported only to reconcile wi
> th the earlier evidence pass; never quote a nominal PUMS figure in the report
> .")

. quietly _pctile PINCP [pw=PWGTP] if g_mus == 1 & base_emp == 1, p(50)

. numadd, key(pums_tx_mus_medpincp_nominal) value(`=string(r(r1),"%18.0g")') //
> /
>     formatted("`=char(36)'`=strtrim(string(round(r(r1),100),"%15.0fc"))'") //
> /
>     unit("nominal dollars of the survey year") source("`SRCP'") ///
>     note("Median total personal income for musicians and singers on the match
> ed employed base, unadjusted. Reconciliation only.")

. quietly _pctile PERNP [pw=PWGTP] if base_emp == 1, p(50)

. numadd, key(pums_tx_allwork_medpernp_nominal) value(`=string(r(r1),"%18.0g")'
> ) ///
>     formatted("`=char(36)'`=strtrim(string(round(r(r1),100),"%15.0fc"))'") //
> /
>     unit("nominal dollars of the survey year") source("`SRCP'") ///
>     note("Median personal earnings for all employed Texans 18-64, unadjusted.
>  Reconciliation only; the report quotes the 2025-dollar version.")

. quietly _pctile PINCP [pw=PWGTP] if base_emp == 1, p(50)

. numadd, key(pums_tx_allwork_medpincp_nominal) value(`=string(r(r1),"%18.0g")'
> ) ///
>     formatted("`=char(36)'`=strtrim(string(round(r(r1),100),"%15.0fc"))'") //
> /
>     unit("nominal dollars of the survey year") source("`SRCP'") ///
>     note("Median total personal income for all employed Texans 18-64, unadjus
> ted. Reconciliation only.")

. 
. * The superseded figures, registered so the report can explain the correction
. * instead of quietly publishing a different number than the evidence memo.
. preserve

.     import delimited "${EV_PUMS}/pums_musicians_creatives_TX_2020_2024_5yr.cs
> v", ///
>         varnames(1) case(preserve) clear
(encoding automatically selected: ISO-8859-1)
(25 vars, 5,694 obs)

.     quietly count if OCCP == 2752

.     local n_allages = r(N)

.     quietly count if OCCP == 2752 & !inlist(ESR, 1, 2, 4, 5)

.     local n_notworking = r(N)

.     quietly _pctile PERNP [pw=PWGTP] if OCCP == 2752, p(50)

.     local old_pernp = r(r1)

.     quietly _pctile PINCP [pw=PWGTP] if OCCP == 2752, p(50)

.     local old_pincp = r(r1)

. restore

. numcnt, key(pums_tx_mus_allages_n) value(`n_allages') unit("unweighted person
>  records") ///
>     source("01_evidence/02_pums_nes_microdata/pums_musicians_creatives_TX_202
> 0_2024_5yr.csv") ///
>     note("All Texas records with OCCP 2752, any age, any employment status. `
> n_notworking' of them were unemployed or out of the labour force, which is wh
> y this population cannot be compared with an employed-only baseline.")

. numadd, key(pums_tx_mus_allages_medpernp_nominal) value(`=string(`old_pernp',
> "%18.0g")') ///
>     formatted("`=char(36)'`=strtrim(string(round(`old_pernp',100),"%15.0fc"))
> '") ///
>     unit("nominal dollars of the survey year") ///
>     source("01_evidence/02_pums_nes_microdata/pums_musicians_creatives_TX_202
> 0_2024_5yr.csv") ///
>     note("SUPERSEDED. The unrestricted all-ages, any-employment-status median
>  that the 2026-08-01 evidence memo compared against an employed-only baseline
> . Registered only so the correction can be described; do not quote it as a mu
> sician earnings figure.")

. numadd, key(pums_tx_mus_allages_medpincp_nominal) value(`=string(`old_pincp',
> "%18.0g")') ///
>     formatted("`=char(36)'`=strtrim(string(round(`old_pincp',100),"%15.0fc"))
> '") ///
>     unit("nominal dollars of the survey year") ///
>     source("01_evidence/02_pums_nes_microdata/pums_musicians_creatives_TX_202
> 0_2024_5yr.csv") ///
>     note("SUPERSEDED companion to the earnings figure above, same unrestricte
> d population. Do not quote.")

. 
. 
. * ================================================= 4. THE OCCUPATION PANEL =
> =
. * One row per creative occupation plus the all-worker baseline, feeding figur
> es
. * 02 and 03. Everything here is on the two bases defined at the top.
. 
. tempfile occpanel

. tempname pf

. postfile `pf' int occ str44 lab int(nunw_pos nunw_emp) ///
>     double(wtd_emp medpernp mp_moe medpincp mi_moe selfemp se_moe) ///
>     using `occpanel', replace
(file /var/folders/5n/6s4drlks0734vkn04zv4l0tr0000gp/T//St28768.000006 not
    found)

. 
. foreach o in 2634 2700 2710 2740 2751 2752 2850 2905 2910 9999 {
  2.     if `o' == 2634 local lab "Graphic designers"
  3.     if `o' == 2700 local lab "Actors"
  4.     if `o' == 2710 local lab "Producers and directors"
  5.     if `o' == 2740 local lab "Dancers and choreographers"
  6.     if `o' == 2751 local lab "Music directors and composers"
  7.     if `o' == 2752 local lab "Musicians and singers"
  8.     if `o' == 2850 local lab "Writers and authors"
  9.     if `o' == 2905 local lab "Media, AV and sound equipment workers"
 10.     if `o' == 2910 local lab "Photographers"
 11.     if `o' == 9999 local lab "All Texas workers 18-64"
 12. 
.     capture drop occ_emp occ_pos
 13.     if `o' == 9999 {
 14.         generate byte occ_emp = (base_emp == 1)
 15.         generate byte occ_pos = (base_pos == 1)
 16.     }
 17.     else {
 18.         generate byte occ_emp = (OCCP == `o') & (base_emp == 1)
 19.         generate byte occ_pos = (OCCP == `o') & (base_pos == 1)
 20.     }
 21.     quietly count if occ_emp == 1
 22.     local nemp = r(N)
 23.     quietly count if occ_pos == 1
 24.     local npos = r(N)
 25.     if `nemp' < 50 {
 26.         numadd, key(pums_occ`o'_suppressed) value(`nemp') formatted("suppr
> essed") ///
>             unit("unweighted records") source("`SRCP'") ///
>             note("`lab' (OCCP `o'), Texas employed base: only `nemp' unweight
> ed records, below the 50-record floor, so the occupation is left out of figur
> es 02 and 03.")
 27.         continue
 28.     }
 29. 
.     sdrmed PERNP_2025usd, sample(occ_pos)
 30.     local mp = r(b)
 31.     local mpm = r(moe)
 32.     sdrmed PINCP_2025usd, sample(occ_pos)
 33.     local mi = r(b)
 34.     local mim = r(moe)
 35.     quietly svy, subpop(occ_emp): mean selfemp
 36.     local wemp = e(N_subpop)
 37.     pullest, variable(selfemp)
 38.     local se = r(b)
 39.     local sem = r(moe)
 40. 
.     post `pf' (`o') ("`lab'") (`npos') (`nemp') (`wemp') (`mp') (`mpm') (`mi'
> ) (`mim') (`se') (`sem')
 41. 
.     * Occupation-level numbers the report may quote outside the figures.
.     if `o' != 9999 {
 42.         numusd, key(pums_occ`o'_medpernp_pos) value(`mp') moe(`mpm') ///
>             source("`SRCP'") ///
>             note("`lab' (OCCP `o'), Texas, ages 18-64, employed with positive
>  earnings; `npos' unweighted records. Median personal earnings, ADJINC then C
> PI-U to 2025 dollars.")
 43.         numpct, key(pums_occ`o'_selfemp) value(`se') moe(`sem') ///
>             source("`SRCP'") ///
>             note("`lab' (OCCP `o'), Texas, ages 18-64, employed; `nemp' unwei
> ghted records, `=strtrim(string(round(`wemp'),"%15.0fc"))' weighted. Share wi
> th COW 6 or 7.")
 44.     }
 45. }

. postclose `pf'

. capture drop occ_emp occ_pos

. 
. 
. * =============================================== 5. METRO COMPARISON (T3) ==
. * Musicians, singers, music directors and composers pooled, because splitting
. * 2751 from 2752 inside a single metro drops most cells under the 50-record
. * floor. Suppression is registered rather than printed as a number.
. 
. tempfile metropanel

. tempname mf

. postfile `mf' str20 metro int(nunw_emp nunw_pos) double(wtd_emp medpernp mp_m
> oe selfemp se_moe) ///
>     using `metropanel', replace
(file /var/folders/5n/6s4drlks0734vkn04zv4l0tr0000gp/T//St28768.000007 not
    found)

. 
. foreach m in Austin Houston "Dallas-Fort Worth" "San Antonio" {
  2.     if "`m'" == "Austin"            local mk "austin"
  3.     if "`m'" == "Houston"           local mk "houston"
  4.     if "`m'" == "Dallas-Fort Worth" local mk "dfw"
  5.     if "`m'" == "San Antonio"       local mk "sanantonio"
  6. 
.     capture drop met_emp met_pos
  7.     generate byte met_emp = (metro_short == "`m'") & (g_music == 1) & (bas
> e_emp == 1)
  8.     generate byte met_pos = (metro_short == "`m'") & (g_music == 1) & (bas
> e_pos == 1)
  9.     quietly count if met_emp == 1
 10.     local nemp = r(N)
 11.     quietly count if met_pos == 1
 12.     local npos = r(N)
 13. 
.     if (`nemp' < 50) | (`npos' < 50) {
 14.         numadd, key(pums_metro_`mk'_music_suppressed) value(`nemp') ///
>             formatted("suppressed") unit("unweighted records") source("`SRCP'
> ") ///
>             note("`m' metro, musicians and music directors (OCCP 2751 and 275
> 2), employed base: `nemp' unweighted records and `npos' with positive earning
> s. Below the 50-record floor, so no metro estimate is published.")
 15.         display as text "  [suppressed] metro `m' : n_emp = `nemp', n_pos 
> = `npos'"
 16.         continue
 17.     }
 18. 
.     sdrmed PERNP_2025usd, sample(met_pos)
 19.     local mp = r(b)
 20.     local mpm = r(moe)
 21.     quietly svy, subpop(met_emp): mean selfemp
 22.     local wemp = e(N_subpop)
 23.     pullest, variable(selfemp)
 24.     local se = r(b)
 25.     local sem = r(moe)
 26. 
.     post `mf' ("`m'") (`nemp') (`npos') (`wemp') (`mp') (`mpm') (`se') (`sem'
> )
 27. 
.     numcnt, key(pums_metro_`mk'_music_n) value(`nemp') unit("unweighted perso
> n records") ///
>         source("`SRCP'") note("`m' metro, OCCP 2751 and 2752 pooled, employed
>  base.")
 28.     numcnt, key(pums_metro_`mk'_music_wtd) value(`wemp') unit("people") //
> /
>         source("`SRCP'") note("`m' metro, OCCP 2751 and 2752 pooled, employed
>  base, PWGTP-weighted.")
 29.     numusd, key(pums_metro_`mk'_music_medpernp) value(`mp') moe(`mpm') ///
>         source("`SRCP'") ///
>         note("`m' metro, OCCP 2751 and 2752 pooled, ages 18-64, employed with
>  positive earnings; `npos' unweighted records. Median personal earnings, ADJI
> NC then CPI-U to 2025 dollars.")
 30.     numpct, key(pums_metro_`mk'_music_selfemp) value(`se') moe(`sem') ///
>         source("`SRCP'") ///
>         note("`m' metro, OCCP 2751 and 2752 pooled, ages 18-64, employed; `ne
> mp' unweighted records. Share with COW 6 or 7.")
 31.     display as text "  [done] metro `m' : n_emp = `nemp', n_pos = `npos'"
 32. }
  [done] metro Austin : n_emp = 91, n_pos = 91
  [done] metro Houston : n_emp = 117, n_pos = 117
  [done] metro Dallas-Fort Worth : n_emp = 191, n_pos = 191
  [done] metro San Antonio : n_emp = 54, n_pos = 53

. postclose `mf'

. capture drop met_emp met_pos

. 
. 
. * ==================================================== 6. REGRESSION (T4) ==
. * A descriptive conditional earnings gap, not a causal estimate.
. *
. * WHAT THIS DOES ESTABLISH. Among employed Texans 18-64 with positive earning
> s,
. * people whose current job is musician, singer, music director or composer
. * report lower annual earnings than otherwise-similar workers, and the gap
. * survives controls for age, sex, education, usual hours, weeks worked and
. * metro area. So the shortfall is not simply that musicians are younger, less
. * credentialled, concentrated in cheaper metros, or working fewer hours and
. * weeks; comparing a musician with a non-musician who matches on all of those
. * still leaves a gap.
. *
. * WHAT IT DOES NOT ESTABLISH. It is not the earnings penalty a given person
. * would pay for choosing music. People sort into music on traits the ACS neve
> r
. * records - talent, family wealth that makes low pay survivable, a spouse's
. * income, willingness to trade money for the work itself - and any of those c
> an
. * produce this gap with no causal effect of the occupation at all. Hours and
. * weeks are themselves outcomes of the occupation, so controlling for them
. * removes part of the very thing being measured and the controlled coefficien
> t
. * understates the total earnings difference. ACS records one current or most
. * recent job, so people who play for pay alongside a day job sit in the
. * comparison group, which pushes the estimated gap toward zero. And the 620
. * music records carry a wide confidence interval.
. 
. use `persons', clear

. svyset [pw=PWGTP], sdrweight(PWGTP1-PWGTP80) vce(sdr) mse

Sampling weights: PWGTP
             VCE: sdr
             MSE: on
     SDR weights: PWGTP1 .. PWGTP80
      Subpop. df: off
     Single unit: missing
        Strata 1: <one>
 Sampling unit 1: <observations>
           FPC 1: <zero>

. 
. eststo clear

. quietly svy: regress ln_pernp g_music i.metro

. eststo r1

. quietly svy: regress ln_pernp g_music c.AGEP c.agesq i.female i.schlbin i.met
> ro

. eststo r2

. quietly svy: regress ln_pernp g_music c.AGEP c.agesq i.female i.schlbin ///
>     c.WKHP c.WKWN i.metro

. eststo r3

. 
. esttab r1 r2 r3, se b(4) stats(N N_pop r2) ///
>     mtitles("Metro FE only" "Plus demographics" "Plus hours and weeks")

------------------------------------------------------------
                      (1)             (2)             (3)   
             Metro FE o~y    Plus demog~s    Plus hours~s   
------------------------------------------------------------
g_music           -0.5667***      -0.6748***      -0.2897***
                 (0.0705)        (0.0658)        (0.0540)   

1.metro            0.0000          0.0000          0.0000   
                      (.)             (.)             (.)   

2.metro           -0.1135***      -0.0322***      -0.0494***
                 (0.0073)        (0.0066)        (0.0058)   

3.metro           -0.1785***      -0.0797***      -0.0835***
                 (0.0082)        (0.0081)        (0.0070)   

4.metro           -0.4039***      -0.1860***      -0.2147***
                 (0.0067)        (0.0067)        (0.0061)   

5.metro           -0.2955***      -0.1564***      -0.1589***
                 (0.0088)        (0.0085)        (0.0066)   

AGEP                               0.1380***       0.0746***
                                 (0.0009)        (0.0007)   

agesq                             -0.0014***      -0.0007***
                                 (0.0000)        (0.0000)   

0.female                           0.0000          0.0000   
                                      (.)             (.)   

1.female                          -0.4283***      -0.2687***
                                 (0.0034)        (0.0027)   

1.schlbin                          0.0000          0.0000   
                                      (.)             (.)   

2.schlbin                          0.3105***       0.2191***
                                 (0.0061)        (0.0050)   

3.schlbin                          0.4729***       0.3790***
                                 (0.0062)        (0.0053)   

4.schlbin                          0.9215***       0.7769***
                                 (0.0071)        (0.0059)   

5.schlbin                          1.1677***       1.0002***
                                 (0.0063)        (0.0054)   

WKHP                                               0.0268***
                                                 (0.0002)   

WKWN                                               0.0400***
                                                 (0.0003)   

_cons             10.9053***       7.3755***       5.7240***
                 (0.0061)        (0.0197)        (0.0165)   
------------------------------------------------------------
N             554672.0000     554672.0000     554672.0000   
N_pop        13586108.0000    13586108.0000    13586108.0000   
r2                 0.0157          0.2775          0.5210   
------------------------------------------------------------
Standard errors in parentheses
* p<0.05, ** p<0.01, *** p<0.001

. esttab r1 r2 r3 using "${TABDIR}/table_earnings_regression.csv", replace csv 
> ///
>     se b(4) stats(N N_pop r2, labels("Unweighted observations" "Weighted popu
> lation" "R-squared")) ///
>     mtitles("Metro FE only" "Plus demographics" "Plus hours and weeks") ///
>     varlabels(g_music "Musician, singer, music director or composer" ///
>               AGEP "Age" agesq "Age squared" 1.female "Female" ///
>               WKHP "Usual hours per week" WKWN "Weeks worked past 12 months")
>  ///
>     title("Conditional earnings gap for music occupations, Texas workers 18-6
> 4 with positive earnings, ACS 2020-2024 5-year PUMS, SDR standard errors")
(output written to /Users/ericbooth/Library/CloudStorage/GoogleDrive-eric.booth
> @texas2036.org/My Drive/EconomicOutlook_MusiciansCreatives_20260801/03_analys
> is/stata/../../03_analysis/out/tables/table_earnings_regression.csv)

. display as text "  table -> 03_analysis/out/tables/table_earnings_regression.
> csv"
  table -> 03_analysis/out/tables/table_earnings_regression.csv

. 
. estimates restore r3
(results r3 are active now)

. matrix b = e(b)

. matrix V = e(V)

. local i = colnumb(b, "g_music")

. local coef = b[1,`i']

. local cse  = sqrt(V[`i',`i'])

. local pct  = 100*(exp(`coef') - 1)

. local pctlo = 100*(exp(`coef' - 1.96*`cse') - 1)

. local pcthi = 100*(exp(`coef' + 1.96*`cse') - 1)

. display as text "  music coefficient = " %6.4f `coef' " (SE " %6.4f `cse' "),
>  " ///
>     %5.1f `pct' "% gap, 95% CI [" %5.1f `pctlo' ", " %5.1f `pcthi' "]"
  music coefficient = -0.2897 (SE 0.0540), -25.2% gap, 95% CI [-32.7, -16.8]

. 
. numadd, key(pums_reg_music_coef) value(`=string(`coef',"%18.0g")') ///
>     formatted("`=strtrim(string(`coef',"%6.3f"))'") unit("log points") ///
>     source("`SRCP'") ///
>     note("Coefficient on a music-occupation indicator (OCCP 2751 or 2752) in 
> a survey-weighted OLS of log personal earnings, Texas workers 18-64 with posi
> tive earnings, controlling for age, age squared, sex, five education bins, us
> ual hours, weeks worked and metro fixed effects. SDR standard errors from PWG
> TP1-PWGTP80. Descriptive conditional gap, not a causal estimate.")

. numadd, key(pums_reg_music_se) value(`=string(`cse',"%18.0g")') ///
>     formatted("`=strtrim(string(`cse',"%6.3f"))'") unit("log points") ///
>     source("`SRCP'") note("SDR standard error of the music coefficient.")

. numpct, key(pums_reg_music_pctgap) value(`=`pct'/100') ///
>     source("`SRCP'") ///
>     note("Music coefficient expressed as a percentage difference, 100*(exp(b)
> -1). 95 percent CI `=strtrim(string(`pctlo',"%6.1f"))' to `=strtrim(string(`p
> cthi',"%6.1f"))' percent. Conditional association, not the earnings penalty o
> f choosing music.")

. quietly count if !missing(ln_pernp)

. numcnt, key(pums_reg_n) value(`=r(N)') unit("unweighted person records") ///
>     source("`SRCP'") note("Regression sample: employed Texans 18-64 with posi
> tive personal earnings.")

. 
. 
. * ============================================== 7. HOUSING COST BURDEN (T2) 
> ==
. * Households are labelled by who lives in them. Three labels, kept separate s
> o
. * no pooled-group rate is ever presented as a musician rate:
. *   hh_mus    at least one employed 18-64 resident whose job is musician or
. *             singer (OCCP 2752). This is the one the figure plots.
. *   hh_music  the same, widened to include music directors and composers
. *             (OCCP 2751), who are a better-paid and more salaried group.
. *   hh_worker at least one employed 18-64 resident of any occupation.
. * The groups nest on purpose, so the comparison is "musician households again
> st
. * all households with a worker in them", not against a mutually exclusive gro
> up.
. 
. use `persons', clear

. keep SERIALNO g_mus g_music base_emp

. collapse (max) hh_mus = g_mus (max) hh_music = g_music (max) hh_worker = base
> _emp, ///
>     by(SERIALNO)

. tempfile hhflags

. save `hhflags'
file /var/folders/5n/6s4drlks0734vkn04zv4l0tr0000gp/T//St28768.000008 saved
    as .dta format

. 
. import delimited "`tmph'", varnames(1) case(preserve) clear
(encoding automatically selected: UTF-8)
(82 vars, 347,335 obs)

. rename WGTP WGTP_check

. tempfile hrep

. save `hrep'
file /var/folders/5n/6s4drlks0734vkn04zv4l0tr0000gp/T//St28768.000009 saved
    as .dta format

. 
. import delimited "${EV_PUMS}/pums_housing_costburden_TX_2020_2024_5yr.csv", /
> //
>     varnames(1) case(preserve) clear
(encoding automatically selected: UTF-8)
(9 vars, 606,114 obs)

. isid SERIALNO

. local n_hh_all = _N

. 
. * The housing replicate-weight extract covers exactly the households that hol
> d
. * at least one person in the person extract, which is the universe this secti
> on
. * needs. Texas households with nobody working and aged 18-64 in them are abse
> nt,
. * so nothing here should be read as a statewide all-household rate.
. merge 1:1 SERIALNO using `hrep', keep(match) nogenerate

    Result                      Number of obs
    -----------------------------------------
    Not matched                             0
    Matched                           347,335  
    -----------------------------------------

. quietly count if WGTP != WGTP_check

. if r(N) > 0 {
.     display as error "Housing replicate weights disagree with the extract on 
> WGTP for `r(N)' records."
.     exit 459
. }

. drop WGTP_check

. local n_hh_rep = _N

. 
. merge 1:1 SERIALNO using `hhflags', keep(master match) nogenerate

    Result                      Number of obs
    -----------------------------------------
    Not matched                           986
        from master                       986  
        from using                          0  

    Matched                           346,349  
    -----------------------------------------

. foreach v in hh_mus hh_music hh_worker {
  2.     replace `v' = 0 if missing(`v')
  3. }
(986 real changes made)
(986 real changes made)
(986 real changes made)

. 
. * Group-quarters records carry a zero household weight and no tenure; they ar
> e
. * not households and cannot be cost-burdened.
. drop if WGTP <= 0
(9,120 observations deleted)

. 
. generate byte renter = (TEN == 3) & !missing(GRPIP)

. generate byte owner  = inlist(TEN, 1, 2) & !missing(OCPIP)

. generate byte rent30 = (GRPIP > 30) if renter == 1
(236,270 missing values generated)

. generate byte rent50 = (GRPIP > 50) if renter == 1
(236,270 missing values generated)

. generate byte own30  = (OCPIP > 30) if owner == 1
(107,031 missing values generated)

. generate byte own50  = (OCPIP > 50) if owner == 1
(107,031 missing values generated)

. generate double GRNTP_2025usd = GRNTP * (ADJHSG/1000000) * ${DEFL2024} if ren
> ter == 1
(236,270 missing values generated)

. 
. svyset [pw=WGTP], sdrweight(WGTP1-WGTP80) vce(sdr) mse

Sampling weights: WGTP
             VCE: sdr
             MSE: on
     SDR weights: WGTP1 .. WGTP80
      Subpop. df: off
     Single unit: missing
        Strata 1: <one>
 Sampling unit 1: <observations>
           FPC 1: <zero>

. 
. numcnt, key(pums_hh_records_all) value(`n_hh_all') unit("unweighted household
>  records") ///
>     source("`SRCH'") note("All Texas household records in the ACS 2020-2024 5
> -year PUMS housing extract, before restricting to households with replicate w
> eights.")

. numcnt, key(pums_hh_records_analysis) value(`n_hh_rep') unit("unweighted hous
> ehold records") ///
>     source("`SRCH'") note("Households carrying replicate weights, which are e
> xactly the households holding at least one person in the person extract. Texa
> s households with no employed 18-64 resident are outside this universe, so no
>  figure here is a statewide all-household rate.")

. 
. tempfile housepanel

. tempname hf

. postfile `hf' str44 grp int(n_rent n_own) double(w_rent w_own r30 r30m r50 r5
> 0m o30 o30m o50 o50m medrent) ///
>     using `housepanel', replace
(file /var/folders/5n/6s4drlks0734vkn04zv4l0tr0000gp/T//St28768.00000a not
    found)

. 
. foreach h in mus music worker {
  2.     if "`h'" == "mus"    local hlab "Musician households"
  3.     if "`h'" == "music"  local hlab "Musician and music-director household
> s"
  4.     if "`h'" == "worker" local hlab "All worker households"
  5.     if "`h'" == "mus"    local hnote "Texas households with at least one e
> mployed resident aged 18-64 whose current job is musician or singer (OCCP 275
> 2)"
  6.     if "`h'" == "music"  local hnote "Texas households with at least one e
> mployed resident aged 18-64 whose current job is musician, singer, music dire
> ctor or composer (OCCP 2751 or 2752). Wider than the musician-only group and 
> never to be quoted as a musician rate"
  7.     if "`h'" == "worker" local hnote "Texas households with at least one e
> mployed resident aged 18-64"
  8. 
.     capture drop hr ho
  9.     generate byte hr = (hh_`h' == 1) & (renter == 1)
 10.     generate byte ho = (hh_`h' == 1) & (owner == 1)
 11.     quietly count if hr == 1
 12.     local nr = r(N)
 13.     quietly count if ho == 1
 14.     local no = r(N)
 15. 
.     numcnt, key(pums_hh_`h'_renters_n) value(`nr') unit("unweighted household
>  records") ///
>         source("`SRCH'") note("Denominator for the renter cost-burden shares.
>  `hnote', renting for cash rent with a valid GRPIP.")
 16.     numcnt, key(pums_hh_`h'_owners_n) value(`no') unit("unweighted househo
> ld records") ///
>         source("`SRCH'") note("Denominator for the owner cost-burden shares. 
> `hnote', owning with or without a mortgage and with a valid OCPIP.")
 17. 
.     if (`nr' < 50) | (`no' < 50) {
 18.         numadd, key(pums_hh_`h'_suppressed) value(`nr') formatted("suppres
> sed") ///
>             unit("unweighted records") source("`SRCH'") ///
>             note("`hlab': `nr' renter and `no' owner records, below the 50-re
> cord floor.")
 19.         continue
 20.     }
 21. 
.     quietly svy, subpop(hr): mean rent30 rent50 GRNTP_2025usd
 22.     local wr = e(N_subpop)
 23.     pullest, variable(rent30)
 24.     local r30 = r(b)
 25.     local r30m = r(moe)
 26.     pullest, variable(rent50)
 27.     local r50 = r(b)
 28.     local r50m = r(moe)
 29.     quietly svy, subpop(ho): mean own30 own50
 30.     local wo = e(N_subpop)
 31.     pullest, variable(own30)
 32.     local o30 = r(b)
 33.     local o30m = r(moe)
 34.     pullest, variable(own50)
 35.     local o50 = r(b)
 36.     local o50m = r(moe)
 37.     sdrmed GRNTP_2025usd, sample(hr) wstub(WGTP)
 38.     local mrent = r(b)
 39.     local mrentm = r(moe)
 40. 
.     post `hf' ("`hlab'") (`nr') (`no') (`wr') (`wo') (`r30') (`r30m') (`r50')
>  (`r50m') ///
>         (`o30') (`o30m') (`o50') (`o50m') (`mrent')
 41. 
.     numcnt, key(pums_hh_`h'_renters_wtd) value(`wr') unit("households") ///
>         source("`SRCH'") note("Weighted renter denominator. `hnote'. WGTP-wei
> ghted.")
 42.     numcnt, key(pums_hh_`h'_owners_wtd) value(`wo') unit("households") ///
>         source("`SRCH'") note("Weighted owner denominator. `hnote'. WGTP-weig
> hted.")
 43.     numpct, key(pums_hh_`h'_rent30) value(`r30') moe(`r30m') source("`SRCH
> '") ///
>         note("Share of renter households paying more than 30 percent of house
> hold income in gross rent (GRPIP > 30). `hnote'; `nr' unweighted records. GRP
> IP is a ratio of two same-year quantities, so no inflation adjustment applies
> . GRPIP is top-coded at 101, which covers zero and negative household income.
> ")
 44.     numpct, key(pums_hh_`h'_rent50) value(`r50') moe(`r50m') source("`SRCH
> '") ///
>         note("Share of renter households paying more than 50 percent of house
> hold income in gross rent (GRPIP > 50), the severe-burden line. `hnote'; `nr'
>  unweighted records. Ratio of same-year quantities, no deflation.")
 45.     numpct, key(pums_hh_`h'_own30) value(`o30') moe(`o30m') source("`SRCH'
> ") ///
>         note("Share of owner households whose selected monthly owner costs ex
> ceed 30 percent of household income (OCPIP > 30). `hnote'; `no' unweighted re
> cords. Ratio of same-year quantities, no deflation.")
 46.     numpct, key(pums_hh_`h'_own50) value(`o50') moe(`o50m') source("`SRCH'
> ") ///
>         note("Share of owner households whose selected monthly owner costs ex
> ceed 50 percent of household income (OCPIP > 50). `hnote'; `no' unweighted re
> cords. Ratio of same-year quantities, no deflation.")
 47.     numusd, key(pums_hh_`h'_medrent) value(`mrent') moe(`mrentm') source("
> `SRCH'") ///
>         note("Median monthly gross rent, ADJHSG to 2024 then CPI-U to 2025 do
> llars. `hnote'; `nr' unweighted renter records.")
 48.     display as text "  [done] housing `h' : renters = `nr', owners = `no'"
 49. }
  [done] housing mus : renters = 160, owners = 282
  [done] housing music : renters = 193, owners = 367
  [done] housing worker : renters = 101799, owners = 230487

. postclose `hf'

. capture drop hr ho

. 
. 
. * ================================================== 8. FIGURE 02 - EARNINGS 
> ==
. * The claim in the title is checked against the plotted values, not asserted:
. * the musicians-and-singers bar is 25,100 dollars and the all-worker bar is
. * 50,047, so "about half" is what the chart shows. No superlative is used,
. * because actors and dancers sit below musicians on this measure and music
. * directors sit above the all-worker line.
. use `occpanel', clear

. gsort medpernp

. generate int ord = _n

. generate double ye = ord - 0.18

. generate double yi = ord + 0.18

. generate double mp_lo = medpernp - mp_moe

. generate double mp_hi = medpernp + mp_moe

. generate double mi_lo = medpincp - mi_moe

. generate double mi_hi = medpincp + mi_moe

. * Value labels sit beyond the far end of the whisker so the two never overlap
> .
. generate str12 lab_p = strtrim(string(round(medpernp,100), "%12.0fc"))

. generate str12 lab_i = strtrim(string(round(medpincp,100), "%12.0fc"))

. generate double xlab_p = mp_hi + 2200

. generate double xlab_i = mi_hi + 2200

. 
. local ylab ""

. forvalues i = 1/`=_N' {
  2.     local L = lab[`i']
  3.     local ylab `"`ylab' `i' "`L'""'
  4. }

. 
. twoway (bar medpernp ye, horizontal barwidth(0.32) color("${ORANGE}") lwidth(
> none)) ///
>        (rcap mp_lo mp_hi ye, horizontal lcolor("${MUTED}") lwidth(thin) msize
> (0.8)) ///
>        (bar medpincp yi, horizontal barwidth(0.32) color("${NAVY}") lwidth(no
> ne)) ///
>        (rcap mi_lo mi_hi yi, horizontal lcolor("${MUTED}") lwidth(thin) msize
> (0.8)) ///
>        (scatter ye xlab_p, msymbol(none) mlabel(lab_p) mlabcolor("${ORANGE}")
>  ///
>             mlabsize(2.0) mlabposition(3)) ///
>        (scatter yi xlab_i, msymbol(none) mlabel(lab_i) mlabcolor("${NAVY}") /
> //
>             mlabsize(2.0) mlabposition(3)) ///
>        , title("Musicians and singers earn about half the typical worker's ea
> rnings", $TITLEOPT) ///
>          subtitle("Median personal earnings and median total personal income,
>  2025 dollars;" "Texas workers 18-64 with positive earnings, ACS 2020-2024 5-
> year PUMS", $SUBOPT) ///
>          ylabel(`ylab', angle(0) labsize(2.6) notick nogrid) ytitle("") ///
>          yscale(range(0.4 `=_N+0.6')) ///
>          xlabel(0(20000)80000, format(%12.0fc) labsize(2.8)) ///
>          xscale(range(0 96000)) ///
>          xtitle("2025 dollars", size(2.8)) ///
>          legend(order(1 "Earnings from work" 3 "Total personal income") ///
>                 rows(1) position(6) $LEGOPT) ///
>          graphregion(color(white)) plotregion(margin(l=0)) ///
>          ysize(5.0) xsize(8)

. figsave, name(fig02_earnings_gap)
  figure -> 04_figures/fig02_earnings_gap.png

. export delimited occ lab nunw_pos nunw_emp wtd_emp medpernp mp_moe medpincp m
> i_moe ///
>     using "${OUT}/fig02_earnings_gap.csv", replace
file /Users/ericbooth/Library/CloudStorage/GoogleDrive-eric.booth@texas2036.org
> /My Drive/EconomicOutlook_MusiciansCreatives_20260801/03_analysis/stata/../..
> /03_analysis/out/fig02_earnings_gap.csv saved

. 
. 
. * ================================================== 9. FIGURE 03 - SELF-EMP 
> ==
. use `occpanel', clear

. gsort selfemp

. generate int ord = _n

. generate double s_lo = 100*(selfemp - se_moe)

. generate double s_hi = 100*(selfemp + se_moe)

. generate double s_pct = 100*selfemp

. replace s_lo = 0 if s_lo < 0
(0 real changes made)

. * Orange marks the two music occupations, the series the report is about.
. generate byte ismusic = inlist(occ, 2751, 2752)

. generate double s_music = s_pct if ismusic == 1
(8 missing values generated)

. generate double s_other = s_pct if ismusic == 0
(2 missing values generated)

. generate str8 lab_s = strtrim(string(s_pct, "%4.0f")) + "%"

. generate double xlab_s = s_hi + 1.6

. 
. local ylab ""

. forvalues i = 1/`=_N' {
  2.     local L = lab[`i']
  3.     local ylab `"`ylab' `i' "`L'""'
  4. }

. 
. * Title checked against the bars: musicians and singers 51.5 percent, all Tex
> as
. * workers 9.8 percent. Photographers sit above musicians here, so the title
. * claims no ranking, only the two levels a reader can see.
. twoway (bar s_other ord, horizontal barwidth(0.62) color("${NAVY}") lwidth(no
> ne)) ///
>        (bar s_music ord, horizontal barwidth(0.62) color("${ORANGE}") lwidth(
> none)) ///
>        (rcap s_lo s_hi ord, horizontal lcolor("${MUTED}") lwidth(thin) msize(
> 0.8)) ///
>        (scatter ord xlab_s, msymbol(none) mlabel(lab_s) mlabcolor("${TEXTC}")
>  ///
>             mlabsize(2.2) mlabposition(3)) ///
>        , title("Half of Texas musicians are self-employed, against 10% of all
>  workers", $TITLEOPT) ///
>          subtitle("Share self-employed, incorporated or not;" "Texas workers 
> 18-64 who are employed, ACS 2020-2024 5-year PUMS", $SUBOPT) ///
>          ylabel(`ylab', angle(0) labsize(2.6) notick nogrid) ytitle("") ///
>          yscale(range(0.4 `=_N+0.6')) ///
>          xlabel(0(10)60, labsize(2.8)) xscale(range(0 74)) ///
>          xtitle("Percent self-employed", size(2.8)) ///
>          legend(order(2 "Music occupations" 1 "Other creative occupations and
> " "the all-worker baseline") ///
>                 rows(2) position(6) $LEGOPT) ///
>          graphregion(color(white)) plotregion(margin(l=0)) ///
>          ysize(5.0) xsize(8)

. figsave, name(fig03_selfemp_share)
  figure -> 04_figures/fig03_selfemp_share.png

. export delimited occ lab nunw_emp wtd_emp selfemp se_moe ///
>     using "${OUT}/fig03_selfemp_share.csv", replace
file /Users/ericbooth/Library/CloudStorage/GoogleDrive-eric.booth@texas2036.org
> /My Drive/EconomicOutlook_MusiciansCreatives_20260801/03_analysis/stata/../..
> /03_analysis/out/fig03_selfemp_share.csv saved

. 
. 
. * ============================================== 10. FIGURE 04 - EARNINGS CDF
>  ==
. * Cumulative share of workers earning less than each level. The musician curv
> e
. * carries a 90 percent replicate band; the all-worker band is a fraction of a
. * point wide and would not be visible, so it is not drawn.
. 
. use `persons', clear

. tempfile cdf

. tempname cf

. postfile `cf' int step double(thresh mus mus_lo mus_hi allw) using `cdf', rep
> lace
(file /var/folders/5n/6s4drlks0734vkn04zv4l0tr0000gp/T//St28768.00000b not
    found)

. 
. forvalues k = 0/20 {
  2.     local t = `k' * 5000
  3.     quietly generate byte _below = (PERNP_2025usd < `t')
  4.     quietly summarize _below [aw=PWGTP], meanonly
  5.     local aw = r(mean)
  6.     quietly summarize _below [aw=PWGTP] if g_mus == 1, meanonly
  7.     local mu = r(mean)
  8.     quietly drop _below
  9.     post `cf' (`k') (`t') (`mu') (.) (.) (`aw')
 10. }

. postclose `cf'

. 
. * Replicate band for the musician curve, by the same successive-difference
. * formula used for the medians. Computed on a kept-down copy of the musician
. * records so the 21 x 80 recomputations stay cheap. The all-worker curve gets
>  no
. * band because its 90 percent interval is under a fifth of a point wide and
. * would render as a line.
. preserve

.     keep if base_emp == 1 & g_mus == 1
(554,602 observations deleted)

.     forvalues k = 0/20 {
  2.         local t = `k' * 5000
  3.         quietly generate byte _below = (PERNP_2025usd < `t')
  4.         quietly summarize _below [aw=PWGTP], meanonly
  5.         local th = r(mean)
  6.         local ss = 0
  7.         forvalues r = 1/80 {
  8.             quietly summarize _below [aw=max(PWGTP`r',0)], meanonly
  9.             local ss = `ss' + (r(mean) - `th')^2
 10.         }
 11.         local cdfse`k' = sqrt((4/80)*`ss')
 12.         quietly drop _below
 13.     }

. restore

. 
. use `cdf', clear

. forvalues k = 0/20 {
  2.     quietly replace mus_lo = max(0, mus - 1.645*`cdfse`k'') if step == `k'
  3.     quietly replace mus_hi = min(1, mus + 1.645*`cdfse`k'') if step == `k'
  4. }

. foreach v in mus mus_lo mus_hi allw {
  2.     quietly replace `v' = 100*`v'
  3. }

. 
. twoway (rarea mus_lo mus_hi thresh, color("${ORANGE}%18") lwidth(none)) ///
>        (line mus thresh, lcolor("${ORANGE}") lwidth(0.7)) ///
>        (line allw thresh, lcolor("${NAVY}") lwidth(0.7) lpattern(dash)) ///
>        , title("About half of employed Texas musicians earn under $25,000 fro
> m work", $TITLEOPT) ///
>          subtitle("Cumulative share of workers earning less than each level, 
> 2025 dollars;" "Texas workers 18-64 who are employed, ACS 2020-2024 5-year PU
> MS", $SUBOPT) ///
>          ylabel(0(20)100, angle(0) labsize(2.8)) ///
>          ytitle("Percent of workers earning less", size(2.8)) ///
>          xlabel(0(20000)100000, format(%12.0fc) labsize(2.8)) ///
>          xscale(range(0 105000)) ///
>          xtitle("Annual personal earnings, 2025 dollars", size(2.8)) ///
>          text(80 22000 "Musicians and singers", color("${ORANGE}") size(2.9) 
> placement(e)) ///
>          text(30 62000 "All Texas workers 18-64", color("${NAVY}") size(2.9) 
> placement(e)) ///
>          legend(off) graphregion(color(white)) ///
>          ysize(4.6) xsize(8)

. figsave, name(fig04_earnings_distribution)
  figure -> 04_figures/fig04_earnings_distribution.png

. export delimited thresh mus mus_lo mus_hi allw ///
>     using "${OUT}/fig04_earnings_distribution.csv", replace
file /Users/ericbooth/Library/CloudStorage/GoogleDrive-eric.booth@texas2036.org
> /My Drive/EconomicOutlook_MusiciansCreatives_20260801/03_analysis/stata/../..
> /03_analysis/out/fig04_earnings_distribution.csv saved

. 
. 
. * ============================================== 11. FIGURE 05 - RENT BURDEN 
> ==
. * Only the musicians-and-singers definition and the all-worker comparison are
. * plotted; the wider music-occupation grouping stays in the ledger so a poole
> d
. * rate is never read off this chart as a musician rate.
. use `housepanel', clear

. keep if inlist(grp, "Musician households", "All worker households")
(1 observation deleted)

. generate byte ismusic = (grp == "Musician households")

. expand 2
(2 observations created)

. bysort grp: generate byte which = _n

. generate double share = 100*cond(which == 1, r30, r50)

. generate double moe   = 100*cond(which == 1, r30m, r50m)

. generate double lo = max(0, share - moe)

. generate double hi = share + moe

. generate double xpos = which + cond(ismusic == 1, -0.17, 0.17)

. generate double s_music = share if ismusic == 1
(2 missing values generated)

. generate double s_other = share if ismusic == 0
(2 missing values generated)

. generate str8 lab_b = strtrim(string(share, "%4.0f")) + "%"

. 
. * Title checked against the bars: musician renters 45.9 percent over the 30
. * percent line against 44.4 percent for all worker households, and 21.0 again
> st
. * 18.9 at the 50 percent line. Both differences sit well inside the musician
. * margin of error, so the chart shows similarity, and the title says so.
. twoway (bar s_other xpos, barwidth(0.30) color("${NAVY}") lwidth(none)) ///
>        (bar s_music xpos, barwidth(0.30) color("${ORANGE}") lwidth(none)) ///
>        (rcap lo hi xpos, lcolor("${MUTED}") lwidth(thin) msize(0.9)) ///
>        (scatter hi xpos, msymbol(none) mlabel(lab_b) mlabcolor("${TEXTC}") //
> /
>             mlabsize(2.4) mlabposition(12) mlabgap(1.4)) ///
>        , title("Musician renters carry about the same rent burden as other wo
> rkers", $TITLEOPT) ///
>          subtitle("Gross rent as a share of household income;" "Texas renter 
> households with an employed resident 18-64, ACS 2020-2024 5-year PUMS", $SUBO
> PT) ///
>          xlabel(1 "More than 30% of income" 2 "More than 50% of income", labs
> ize(2.9) notick) ///
>          xtitle("") xscale(range(0.5 2.5)) ///
>          ylabel(0(10)60, angle(0) labsize(2.8)) ///
>          ytitle("Percent of renter households", size(2.8)) ///
>          legend(order(2 "Musician households" 1 "All worker households") ///
>                 rows(1) position(6) $LEGOPT) ///
>          graphregion(color(white)) ///
>          ysize(4.6) xsize(8)

. figsave, name(fig05_housing_burden)
  figure -> 04_figures/fig05_housing_burden.png

. export delimited grp n_rent n_own w_rent w_own r30 r30m r50 r50m o30 o30m o50
>  o50m medrent ///
>     using "${OUT}/fig05_housing_burden.csv", replace
file /Users/ericbooth/Library/CloudStorage/GoogleDrive-eric.booth@texas2036.org
> /My Drive/EconomicOutlook_MusiciansCreatives_20260801/03_analysis/stata/../..
> /03_analysis/out/fig05_housing_burden.csv saved

. 
. 
. * ==================================================== 12. VALIDATION PRINTS 
> ==
. * Checks against the earlier evidence pass, printed so the run's log is the
. * record. Where the numbers differ the reason is the analysis base, not the
. * arithmetic; the header of this file explains it and the ledger carries both
> .
. display as text _newline "{hline 72}"

------------------------------------------------------------------------

. display as text "Validation against the 2026-08-01 evidence pass"
Validation against the 2026-08-01 evidence pass

. display as text "{hline 72}"
------------------------------------------------------------------------

. 
. use `persons', clear

. display as text "  target from the fact-check, matched employed 18-64 base:"
  target from the fact-check, matched employed 18-64 base:

. display as text "    musicians nominal PINCP 25,000 / PERNP 21,000;"
    musicians nominal PINCP 25,000 / PERNP 21,000;

. display as text "    all workers nominal PINCP 45,000 / PERNP 43,700;"
    all workers nominal PINCP 45,000 / PERNP 43,700;

. display as text "    self-employment 51.5 TX musicians, 72.2 Austin musicians
> , 9.8 baseline."
    self-employment 51.5 TX musicians, 72.2 Austin musicians, 9.8 baseline.

. quietly _pctile PINCP [pw=PWGTP] if g_mus == 1 & base_emp == 1, p(50)

. display as text "  median PINCP, musicians, NOMINAL, matched base    : " %9.0
> fc r(r1)
  median PINCP, musicians, NOMINAL, matched base    :    25,000

. quietly _pctile PERNP [pw=PWGTP] if g_mus == 1 & base_emp == 1, p(50)

. display as text "  median PERNP, musicians, NOMINAL, matched base    : " %9.0
> fc r(r1)
  median PERNP, musicians, NOMINAL, matched base    :    21,000

. quietly _pctile PINCP [pw=PWGTP] if base_emp == 1, p(50)

. display as text "  median PINCP, all workers, NOMINAL                : " %9.0
> fc r(r1)
  median PINCP, all workers, NOMINAL                :    45,000

. quietly _pctile PERNP [pw=PWGTP] if base_emp == 1, p(50)

. display as text "  median PERNP, all workers, NOMINAL                : " %9.0
> fc r(r1)
  median PERNP, all workers, NOMINAL                :    43,700

. quietly _pctile PERNP_2025usd [pw=PWGTP] if g_mus == 1 & base_pos == 1, p(50)

. display as text "  median PERNP, musicians, 2025 dollars, POS base   : " %9.0
> fc r(r1)
  median PERNP, musicians, 2025 dollars, POS base   :    25,100

. quietly _pctile PERNP_2025usd [pw=PWGTP] if base_pos == 1, p(50)

. display as text "  median PERNP, all workers, 2025 dollars, POS base : " %9.0
> fc r(r1)
  median PERNP, all workers, 2025 dollars, POS base :    50,047

. quietly summarize selfemp [aw=PWGTP] if g_mus == 1 & base_emp == 1

. display as text "  self-employment, musicians and singers, Texas     : " %5.1
> f 100*r(mean) "%  (n = " r(N) ")"
  self-employment, musicians and singers, Texas     :  51.5%  (n = 500)

. quietly summarize selfemp [aw=PWGTP] if g_mus == 1 & base_emp == 1 & geo_aust
> in == 1

. display as text "  self-employment, musicians and singers, Austin    : " %5.1
> f 100*r(mean) "%  (n = " r(N) ")"
  self-employment, musicians and singers, Austin    :  72.2%  (n = 77)

. quietly summarize selfemp [aw=PWGTP] if base_emp == 1

. display as text "  self-employment, all Texas workers 18-64          : " %5.1
> f 100*r(mean) "%"
  self-employment, all Texas workers 18-64          :   9.8%

. quietly summarize selfemp [aw=PWGTP] if g_music == 1 & base_emp == 1

. display as text "  self-employment, POOLED 2751+2752 (do not label as musicia
> ns) : " %5.1f 100*r(mean) "%"
  self-employment, POOLED 2751+2752 (do not label as musicians) :  47.2%

. quietly summarize selfemp [aw=PWGTP] if g_creative == 1 & base_emp == 1

. display as text "  self-employment, POOLED nine creative occupations (do not 
> label as musicians) : " %5.1f 100*r(mean) "%"
  self-employment, POOLED nine creative occupations (do not label as musicians)
>  :  34.0%

. quietly total PWGTP if g_mus == 1

. matrix A = e(b)

. quietly total PWGTP if g_mus == 1 & geo_austin == 1

. matrix B = e(b)

. quietly count if g_mus == 1 & geo_austin == 1

. display as text "  Austin share of Texas musicians                   : " %5.1
> f 100*B[1,1]/A[1,1] "%  (Austin n = " r(N) ", weighted " %8.0fc B[1,1] ")"
  Austin share of Texas musicians                   :  17.6%  (Austin n = 77, w
> eighted    2,126)

. 
. * Housekeeping: the decompressed replicate files are large and temporary.
. capture erase "`tmpp'"

. capture erase "`tmph'"

. 
. display as text _newline "10_pums_earnings.do complete"

10_pums_earnings.do complete

. 
end of do-file
